
*** Running vivado
    with args -log design_2_wrapper.vdi -applog -m64 -product Vivado -messageDb vivado.pb -mode batch -source design_2_wrapper.tcl -notrace


****** Vivado v2018.3 (64-bit)
  **** SW Build 2405991 on Thu Dec  6 23:38:27 MST 2018
  **** IP Build 2404404 on Fri Dec  7 01:43:56 MST 2018
    ** Copyright 1986-2018 Xilinx, Inc. All Rights Reserved.

source design_2_wrapper.tcl -notrace
INFO: [IP_Flow 19-234] Refreshing IP repositories
INFO: [IP_Flow 19-1704] No user IP repositories specified
INFO: [IP_Flow 19-2313] Loaded Vivado IP repository 'D:/Xilinx/Vivado/2018.3/data/ip'.
add_files: Time (s): cpu = 00:00:06 ; elapsed = 00:01:02 . Memory (MB): peak = 428.992 ; gain = 98.902
Command: link_design -top design_2_wrapper -part xc7z010clg400-1
Design is defaulting to srcset: sources_1
Design is defaulting to constrset: constrs_1
INFO: [Project 1-454] Reading design checkpoint 'c:/Users/ariya/OneDrive/Desktop/project_1/project_1/project_1.srcs/sources_1/bd/design_2/ip/design_2_ALU_0_0/design_2_ALU_0_0.dcp' for cell 'design_2_i/ALU_0'
INFO: [Project 1-454] Reading design checkpoint 'c:/Users/ariya/OneDrive/Desktop/project_1/project_1/project_1.srcs/sources_1/bd/design_2/ip/design_2_Adder_0/design_2_Adder_0.dcp' for cell 'design_2_i/Adder'
INFO: [Project 1-454] Reading design checkpoint 'c:/Users/ariya/OneDrive/Desktop/project_1/project_1/project_1.srcs/sources_1/bd/design_2/ip/design_2_CUMUX_0_0/design_2_CUMUX_0_0.dcp' for cell 'design_2_i/CUMUX_0'
INFO: [Project 1-454] Reading design checkpoint 'c:/Users/ariya/OneDrive/Desktop/project_1/project_1/project_1.srcs/sources_1/bd/design_2/ip/design_2_ConditionCheck_0_0/design_2_ConditionCheck_0_0.dcp' for cell 'design_2_i/ConditionCheck_0'
INFO: [Project 1-454] Reading design checkpoint 'c:/Users/ariya/OneDrive/Desktop/project_1/project_1/project_1.srcs/sources_1/bd/design_2/ip/design_2_ControlUnit_0_0/design_2_ControlUnit_0_0.dcp' for cell 'design_2_i/ControlUnit_0'
INFO: [Project 1-454] Reading design checkpoint 'c:/Users/ariya/OneDrive/Desktop/project_1/project_1/project_1.srcs/sources_1/bd/design_2/ip/design_2_ExeReg_0_0/design_2_ExeReg_0_0.dcp' for cell 'design_2_i/ExeReg_0'
INFO: [Project 1-454] Reading design checkpoint 'c:/Users/ariya/OneDrive/Desktop/project_1/project_1/project_1.srcs/sources_1/bd/design_2/ip/design_2_Exe_Mux_0_0/design_2_Exe_Mux_0_0.dcp' for cell 'design_2_i/Exe_Mux_1'
INFO: [Project 1-454] Reading design checkpoint 'c:/Users/ariya/OneDrive/Desktop/project_1/project_1/project_1.srcs/sources_1/bd/design_2/ip/design_2_Exe_Mux_0_1/design_2_Exe_Mux_0_1.dcp' for cell 'design_2_i/Exe_Mux_2'
INFO: [Project 1-454] Reading design checkpoint 'c:/Users/ariya/OneDrive/Desktop/project_1/project_1/project_1.srcs/sources_1/bd/design_2/ip/design_2_ForwardingUnit_0_0/design_2_ForwardingUnit_0_0.dcp' for cell 'design_2_i/ForwardingUnit_0'
INFO: [Project 1-454] Reading design checkpoint 'c:/Users/ariya/OneDrive/Desktop/project_1/project_1/project_1.srcs/sources_1/bd/design_2/ip/design_2_HazardUnitDetector_0_0/design_2_HazardUnitDetector_0_0.dcp' for cell 'design_2_i/HazardUnitDetector_0'
INFO: [Project 1-454] Reading design checkpoint 'c:/Users/ariya/OneDrive/Desktop/project_1/project_1/project_1.srcs/sources_1/bd/design_2/ip/design_2_IDreg_0_0/design_2_IDreg_0_0.dcp' for cell 'design_2_i/IDreg_0'
INFO: [Project 1-454] Reading design checkpoint 'c:/Users/ariya/OneDrive/Desktop/project_1/project_1/project_1.srcs/sources_1/bd/design_2/ip/design_2_IFreg_0/design_2_IFreg_0.dcp' for cell 'design_2_i/IFreg'
INFO: [Project 1-454] Reading design checkpoint 'c:/Users/ariya/OneDrive/Desktop/project_1/project_1/project_1.srcs/sources_1/bd/design_2/ip/design_2_MEM_Stage_Reg_0_0/design_2_MEM_Stage_Reg_0_0.dcp' for cell 'design_2_i/MEM_Stage_Reg_0'
INFO: [Project 1-454] Reading design checkpoint 'c:/Users/ariya/OneDrive/Desktop/project_1/project_1/project_1.srcs/sources_1/bd/design_2/ip/design_2_Mux_0/design_2_Mux_0.dcp' for cell 'design_2_i/Mux'
INFO: [Project 1-454] Reading design checkpoint 'c:/Users/ariya/OneDrive/Desktop/project_1/project_1/project_1.srcs/sources_1/bd/design_2/ip/design_2_Mux_1/design_2_Mux_1.dcp' for cell 'design_2_i/Mux_cyan'
INFO: [Project 1-454] Reading design checkpoint 'c:/Users/ariya/OneDrive/Desktop/project_1/project_1/project_1.srcs/sources_1/bd/design_2/ip/design_2_util_vector_logic_0_1/design_2_util_vector_logic_0_1.dcp' for cell 'design_2_i/OR_mod'
INFO: [Project 1-454] Reading design checkpoint 'c:/Users/ariya/OneDrive/Desktop/project_1/project_1/project_1.srcs/sources_1/bd/design_2/ip/design_2_PC_0/design_2_PC_0.dcp' for cell 'design_2_i/PC'
INFO: [Project 1-454] Reading design checkpoint 'c:/Users/ariya/OneDrive/Desktop/project_1/project_1/project_1.srcs/sources_1/bd/design_2/ip/design_2_RedAdder_0_0/design_2_RedAdder_0_0.dcp' for cell 'design_2_i/RedAdder_0'
INFO: [Project 1-454] Reading design checkpoint 'c:/Users/ariya/OneDrive/Desktop/project_1/project_1/project_1.srcs/sources_1/bd/design_2/ip/design_2_RegMux_0_0/design_2_RegMux_0_0.dcp' for cell 'design_2_i/RegMux_0'
INFO: [Project 1-454] Reading design checkpoint 'c:/Users/ariya/OneDrive/Desktop/project_1/project_1/project_1.srcs/sources_1/bd/design_2/ip/design_2_RegisterFile_0_0/design_2_RegisterFile_0_0.dcp' for cell 'design_2_i/RegisterFile_0'
INFO: [Project 1-454] Reading design checkpoint 'c:/Users/ariya/OneDrive/Desktop/project_1/project_1/project_1.srcs/sources_1/bd/design_2/ip/design_2_StatusReg_0_0/design_2_StatusReg_0_0.dcp' for cell 'design_2_i/StatusReg_0'
INFO: [Project 1-454] Reading design checkpoint 'c:/Users/ariya/OneDrive/Desktop/project_1/project_1/project_1.srcs/sources_1/bd/design_2/ip/design_2_Val2Gen_0_0/design_2_Val2Gen_0_0.dcp' for cell 'design_2_i/Val2Gen_0'
INFO: [Project 1-454] Reading design checkpoint 'c:/Users/ariya/OneDrive/Desktop/project_1/project_1/project_1.srcs/sources_1/bd/design_2/ip/design_2_util_vector_logic_1_0/design_2_util_vector_logic_1_0.dcp' for cell 'design_2_i/cond_hazard_or_1'
INFO: [Project 1-454] Reading design checkpoint 'c:/Users/ariya/OneDrive/Desktop/project_1/project_1/project_1.srcs/sources_1/bd/design_2/ip/design_2_util_vector_logic_0_0/design_2_util_vector_logic_0_0.dcp' for cell 'design_2_i/cond_not'
INFO: [Project 1-454] Reading design checkpoint 'c:/Users/ariya/OneDrive/Desktop/project_1/project_1/project_1.srcs/sources_1/bd/design_2/ip/design_2_dist_mem_gen_1_0/design_2_dist_mem_gen_1_0.dcp' for cell 'design_2_i/data_mem'
INFO: [Project 1-454] Reading design checkpoint 'c:/Users/ariya/OneDrive/Desktop/project_1/project_1/project_1.srcs/sources_1/bd/design_2/ip/design_2_debouncer_0_0/design_2_debouncer_0_0.dcp' for cell 'design_2_i/debouncer_0'
INFO: [Project 1-454] Reading design checkpoint 'c:/Users/ariya/OneDrive/Desktop/project_1/project_1/project_1.srcs/sources_1/bd/design_2/ip/design_2_ila_0_0/design_2_ila_0_0.dcp' for cell 'design_2_i/ila_0'
INFO: [Project 1-454] Reading design checkpoint 'c:/Users/ariya/OneDrive/Desktop/project_1/project_1/project_1.srcs/sources_1/bd/design_2/ip/design_2_dist_mem_gen_0_0/design_2_dist_mem_gen_0_0.dcp' for cell 'design_2_i/instruction_mem'
INFO: [Project 1-454] Reading design checkpoint 'c:/Users/ariya/OneDrive/Desktop/project_1/project_1/project_1.srcs/sources_1/bd/design_2/ip/design_2_util_vector_logic_0_2/design_2_util_vector_logic_0_2.dcp' for cell 'design_2_i/two_src_or'
INFO: [Project 1-454] Reading design checkpoint 'c:/Users/ariya/OneDrive/Desktop/project_1/project_1/project_1.srcs/sources_1/bd/design_2/ip/design_2_util_vector_logic_0_3/design_2_util_vector_logic_0_3.dcp' for cell 'design_2_i/util_vector_logic_0'
INFO: [Project 1-454] Reading design checkpoint 'c:/Users/ariya/OneDrive/Desktop/project_1/project_1/project_1.srcs/sources_1/bd/design_2/ip/design_2_vio_0_0/design_2_vio_0_0.dcp' for cell 'design_2_i/vio_forward_en'
INFO: [Netlist 29-17] Analyzing 1489 Unisim elements for replacement
INFO: [Netlist 29-28] Unisim Transformation completed in 1 CPU seconds
INFO: [Project 1-479] Netlist was created with Vivado 2018.3
INFO: [Device 21-403] Loading part xc7z010clg400-1
INFO: [Project 1-570] Preparing netlist for logic optimization
INFO: [Chipscope 16-324] Core: design_2_i/ila_0 UUID: f2a5a0e1-5286-5171-a222-bf15acec5622 
INFO: [Chipscope 16-324] Core: design_2_i/vio_forward_en UUID: 9462bc55-f746-5f45-8203-5a02ab8a5099 
Parsing XDC File [c:/Users/ariya/OneDrive/Desktop/project_1/project_1/project_1.srcs/sources_1/bd/design_2/ip/design_2_ila_0_0/ila_v6_2/constraints/ila_impl.xdc] for cell 'design_2_i/ila_0/inst'
Finished Parsing XDC File [c:/Users/ariya/OneDrive/Desktop/project_1/project_1/project_1.srcs/sources_1/bd/design_2/ip/design_2_ila_0_0/ila_v6_2/constraints/ila_impl.xdc] for cell 'design_2_i/ila_0/inst'
Parsing XDC File [c:/Users/ariya/OneDrive/Desktop/project_1/project_1/project_1.srcs/sources_1/bd/design_2/ip/design_2_ila_0_0/ila_v6_2/constraints/ila.xdc] for cell 'design_2_i/ila_0/inst'
Finished Parsing XDC File [c:/Users/ariya/OneDrive/Desktop/project_1/project_1/project_1.srcs/sources_1/bd/design_2/ip/design_2_ila_0_0/ila_v6_2/constraints/ila.xdc] for cell 'design_2_i/ila_0/inst'
Parsing XDC File [c:/Users/ariya/OneDrive/Desktop/project_1/project_1/project_1.srcs/sources_1/bd/design_2/ip/design_2_vio_0_0/design_2_vio_0_0.xdc] for cell 'design_2_i/vio_forward_en'
Finished Parsing XDC File [c:/Users/ariya/OneDrive/Desktop/project_1/project_1/project_1.srcs/sources_1/bd/design_2/ip/design_2_vio_0_0/design_2_vio_0_0.xdc] for cell 'design_2_i/vio_forward_en'
Parsing XDC File [C:/Users/ariya/OneDrive/Desktop/project_1/project_1/project_1.srcs/constrs_1/imports/project_1/pin_assignment.xdc]
Finished Parsing XDC File [C:/Users/ariya/OneDrive/Desktop/project_1/project_1/project_1.srcs/constrs_1/imports/project_1/pin_assignment.xdc]
INFO: [Opt 31-138] Pushed 0 inverter(s) to 0 load pin(s).
Netlist sorting complete. Time (s): cpu = 00:00:00 ; elapsed = 00:00:00.004 . Memory (MB): peak = 839.117 ; gain = 0.000
INFO: [Project 1-111] Unisim Transformation Summary:
  A total of 1056 instances were transformed.
  CFGLUT5 => CFGLUT5 (SRLC32E, SRL16E): 32 instances
  RAM256X1S => RAM256X1S (MUXF7, MUXF7, MUXF8, RAMS64E, RAMS64E, RAMS64E, RAMS64E): 1024 instances

43 Infos, 0 Warnings, 0 Critical Warnings and 0 Errors encountered.
link_design completed successfully
link_design: Time (s): cpu = 00:00:10 ; elapsed = 00:00:12 . Memory (MB): peak = 839.117 ; gain = 410.125
INFO: [Common 17-600] The following parameters have non-default value.
tcl.collectionResultDisplayLimit
Command: opt_design
Attempting to get a license for feature 'Implementation' and/or device 'xc7z010'
INFO: [Common 17-349] Got license for feature 'Implementation' and/or device 'xc7z010'
Running DRC as a precondition to command opt_design

Starting DRC Task
INFO: [DRC 23-27] Running DRC with 2 threads
INFO: [Project 1-461] DRC finished with 0 Errors
INFO: [Project 1-462] Please refer to the DRC report (report_drc) for more information.

Time (s): cpu = 00:00:01 ; elapsed = 00:00:00.649 . Memory (MB): peak = 850.184 ; gain = 11.066

Starting Cache Timing Information Task
INFO: [Timing 38-35] Done setting XDC timing constraints.
Ending Cache Timing Information Task | Checksum: 1d253d916

Time (s): cpu = 00:00:09 ; elapsed = 00:00:10 . Memory (MB): peak = 1405.859 ; gain = 555.676

Starting Logic Optimization Task

Phase 1 Generate And Synthesize Debug Cores
INFO: [Chipscope 16-329] Generating Script for core instance : dbg_hub 
INFO: [IP_Flow 19-3806] Processing IP xilinx.com:ip:xsdbm:3.0 for cell dbg_hub_CV.
INFO: [Chipscope 16-220] Re-using generated and synthesized IP, "xilinx.com:ip:xsdbm:3.0", from Vivado IP cache entry "2f7e4db6d877106c".
Netlist sorting complete. Time (s): cpu = 00:00:00 ; elapsed = 00:00:00.021 . Memory (MB): peak = 1519.523 ; gain = 0.000
Phase 1 Generate And Synthesize Debug Cores | Checksum: 248631d72

Time (s): cpu = 00:00:02 ; elapsed = 00:00:14 . Memory (MB): peak = 1519.523 ; gain = 14.988

Phase 2 Retarget
INFO: [Opt 31-138] Pushed 2 inverter(s) to 2 load pin(s).
INFO: [Opt 31-49] Retargeted 0 cell(s).
Phase 2 Retarget | Checksum: 1f10ff703

Time (s): cpu = 00:00:03 ; elapsed = 00:00:15 . Memory (MB): peak = 1519.523 ; gain = 14.988
INFO: [Opt 31-389] Phase Retarget created 10 cells and removed 53 cells
INFO: [Opt 31-1021] In phase Retarget, 219 netlist objects are constrained preventing optimization. Please run opt_design with -debug_log to get more detail. 

Phase 3 Constant propagation
INFO: [Opt 31-138] Pushed 0 inverter(s) to 0 load pin(s).
Phase 3 Constant propagation | Checksum: 218fdfc95

Time (s): cpu = 00:00:03 ; elapsed = 00:00:15 . Memory (MB): peak = 1519.523 ; gain = 14.988
INFO: [Opt 31-389] Phase Constant propagation created 0 cells and removed 17 cells
INFO: [Opt 31-1021] In phase Constant propagation, 198 netlist objects are constrained preventing optimization. Please run opt_design with -debug_log to get more detail. 

Phase 4 Sweep
Phase 4 Sweep | Checksum: 1d3c9b619

Time (s): cpu = 00:00:04 ; elapsed = 00:00:15 . Memory (MB): peak = 1519.523 ; gain = 14.988
INFO: [Opt 31-389] Phase Sweep created 0 cells and removed 261 cells
INFO: [Opt 31-1021] In phase Sweep, 1409 netlist objects are constrained preventing optimization. Please run opt_design with -debug_log to get more detail. 

Phase 5 BUFG optimization
INFO: [Opt 31-194] Inserted BUFG clk_0_IBUF_BUFG_inst to drive 4368 load(s) on clock net clk_0_IBUF_BUFG
INFO: [Opt 31-193] Inserted 1 BUFG(s) on clock nets
Phase 5 BUFG optimization | Checksum: 1815251da

Time (s): cpu = 00:00:04 ; elapsed = 00:00:16 . Memory (MB): peak = 1519.523 ; gain = 14.988
INFO: [Opt 31-662] Phase BUFG optimization created 1 cells of which 1 are BUFGs and removed 0 cells.

Phase 6 Shift Register Optimization
Phase 6 Shift Register Optimization | Checksum: 19ab7401e

Time (s): cpu = 00:00:05 ; elapsed = 00:00:17 . Memory (MB): peak = 1519.523 ; gain = 14.988
INFO: [Opt 31-389] Phase Shift Register Optimization created 0 cells and removed 0 cells

Phase 7 Post Processing Netlist
Phase 7 Post Processing Netlist | Checksum: 19ab7401e

Time (s): cpu = 00:00:05 ; elapsed = 00:00:17 . Memory (MB): peak = 1519.523 ; gain = 14.988
INFO: [Opt 31-389] Phase Post Processing Netlist created 0 cells and removed 0 cells
INFO: [Opt 31-1021] In phase Post Processing Netlist, 63 netlist objects are constrained preventing optimization. Please run opt_design with -debug_log to get more detail. 
Opt_design Change Summary
=========================


-------------------------------------------------------------------------------------------------------------------------
|  Phase                        |  #Cells created  |  #Cells Removed  |  #Constrained objects preventing optimizations  |
-------------------------------------------------------------------------------------------------------------------------
|  Retarget                     |              10  |              53  |                                            219  |
|  Constant propagation         |               0  |              17  |                                            198  |
|  Sweep                        |               0  |             261  |                                           1409  |
|  BUFG optimization            |               1  |               0  |                                              0  |
|  Shift Register Optimization  |               0  |               0  |                                              0  |
|  Post Processing Netlist      |               0  |               0  |                                             63  |
-------------------------------------------------------------------------------------------------------------------------



Starting Connectivity Check Task

Time (s): cpu = 00:00:00 ; elapsed = 00:00:00.013 . Memory (MB): peak = 1519.523 ; gain = 0.000
Ending Logic Optimization Task | Checksum: 19ab7401e

Time (s): cpu = 00:00:05 ; elapsed = 00:00:17 . Memory (MB): peak = 1519.523 ; gain = 14.988

Starting Power Optimization Task
INFO: [Pwropt 34-132] Skipping clock gating for clocks with a period < 2.00 ns.
INFO: [Timing 38-35] Done setting XDC timing constraints.
INFO: [Pwropt 34-9] Applying IDT optimizations ...
INFO: [Pwropt 34-10] Applying ODC optimizations ...
INFO: [Physopt 32-619] Estimated Timing Summary | WNS=-4.700 | TNS=-13.179 |
Running Vector-less Activity Propagation...

Finished Running Vector-less Activity Propagation


Starting PowerOpt Patch Enables Task
INFO: [Pwropt 34-162] WRITE_MODE attribute of 0 BRAM(s) out of a total of 7 has been updated to save power. Run report_power_opt to get a complete listing of the BRAMs updated.
INFO: [Pwropt 34-201] Structural ODC has moved 0 WE to EN ports
Number of BRAM Ports augmented: 7 newly gated: 0 Total Ports: 14
Ending PowerOpt Patch Enables Task | Checksum: 24ff1df39

Time (s): cpu = 00:00:00 ; elapsed = 00:00:00.077 . Memory (MB): peak = 1779.734 ; gain = 0.000
Ending Power Optimization Task | Checksum: 24ff1df39

Time (s): cpu = 00:00:10 ; elapsed = 00:00:06 . Memory (MB): peak = 1779.734 ; gain = 260.211

Starting Final Cleanup Task
Ending Final Cleanup Task | Checksum: 24ff1df39

Time (s): cpu = 00:00:00 ; elapsed = 00:00:00 . Memory (MB): peak = 1779.734 ; gain = 0.000

Starting Netlist Obfuscation Task
Netlist sorting complete. Time (s): cpu = 00:00:00 ; elapsed = 00:00:00.008 . Memory (MB): peak = 1779.734 ; gain = 0.000
Ending Netlist Obfuscation Task | Checksum: 1b9bd53ba

Time (s): cpu = 00:00:00 ; elapsed = 00:00:00.008 . Memory (MB): peak = 1779.734 ; gain = 0.000
INFO: [Common 17-83] Releasing license: Implementation
78 Infos, 0 Warnings, 0 Critical Warnings and 0 Errors encountered.
opt_design completed successfully
opt_design: Time (s): cpu = 00:00:26 ; elapsed = 00:00:34 . Memory (MB): peak = 1779.734 ; gain = 940.617
INFO: [Common 17-600] The following parameters have non-default value.
tcl.collectionResultDisplayLimit
Netlist sorting complete. Time (s): cpu = 00:00:00 ; elapsed = 00:00:00.006 . Memory (MB): peak = 1779.734 ; gain = 0.000
INFO: [Timing 38-480] Writing timing data to binary archive.
Writing placer database...
Writing XDEF routing.
Writing XDEF routing logical nets.
Writing XDEF routing special nets.
Write XDEF Complete: Time (s): cpu = 00:00:00 ; elapsed = 00:00:00.052 . Memory (MB): peak = 1779.734 ; gain = 0.000
Netlist sorting complete. Time (s): cpu = 00:00:00 ; elapsed = 00:00:00.007 . Memory (MB): peak = 1779.734 ; gain = 0.000
INFO: [Common 17-1381] The checkpoint 'C:/Users/ariya/OneDrive/Desktop/project_1/project_1/project_1.runs/impl_1/design_2_wrapper_opt.dcp' has been generated.
INFO: [runtcl-4] Executing : report_drc -file design_2_wrapper_drc_opted.rpt -pb design_2_wrapper_drc_opted.pb -rpx design_2_wrapper_drc_opted.rpx
Command: report_drc -file design_2_wrapper_drc_opted.rpt -pb design_2_wrapper_drc_opted.pb -rpx design_2_wrapper_drc_opted.rpx
INFO: [IP_Flow 19-1839] IP Catalog is up to date.
INFO: [DRC 23-27] Running DRC with 2 threads
INFO: [Coretcl 2-168] The results of DRC are in file C:/Users/ariya/OneDrive/Desktop/project_1/project_1/project_1.runs/impl_1/design_2_wrapper_drc_opted.rpt.
report_drc completed successfully
INFO: [Chipscope 16-240] Debug cores have already been implemented
Command: place_design
Attempting to get a license for feature 'Implementation' and/or device 'xc7z010'
INFO: [Common 17-349] Got license for feature 'Implementation' and/or device 'xc7z010'
INFO: [DRC 23-27] Running DRC with 2 threads
INFO: [Vivado_Tcl 4-198] DRC finished with 0 Errors
INFO: [Vivado_Tcl 4-199] Please refer to the DRC report (report_drc) for more information.
Running DRC as a precondition to command place_design
INFO: [DRC 23-27] Running DRC with 2 threads
INFO: [Vivado_Tcl 4-198] DRC finished with 0 Errors
INFO: [Vivado_Tcl 4-199] Please refer to the DRC report (report_drc) for more information.

Starting Placer Task
INFO: [Place 30-611] Multithreading enabled for place_design using a maximum of 2 CPUs

Phase 1 Placer Initialization

Phase 1.1 Placer Initialization Netlist Sorting
Netlist sorting complete. Time (s): cpu = 00:00:00 ; elapsed = 00:00:00.006 . Memory (MB): peak = 1779.734 ; gain = 0.000
Phase 1.1 Placer Initialization Netlist Sorting | Checksum: 150c62307

Time (s): cpu = 00:00:00 ; elapsed = 00:00:00.012 . Memory (MB): peak = 1779.734 ; gain = 0.000
Netlist sorting complete. Time (s): cpu = 00:00:00 ; elapsed = 00:00:00.005 . Memory (MB): peak = 1779.734 ; gain = 0.000

Phase 1.2 IO Placement/ Clock Placement/ Build Placer Device
INFO: [Timing 38-35] Done setting XDC timing constraints.
Phase 1.2 IO Placement/ Clock Placement/ Build Placer Device | Checksum: 827415fc

Time (s): cpu = 00:00:02 ; elapsed = 00:00:02 . Memory (MB): peak = 1779.734 ; gain = 0.000

Phase 1.3 Build Placer Netlist Model
Phase 1.3 Build Placer Netlist Model | Checksum: 15f6cd443

Time (s): cpu = 00:00:07 ; elapsed = 00:00:06 . Memory (MB): peak = 1779.734 ; gain = 0.000

Phase 1.4 Constrain Clocks/Macros
Phase 1.4 Constrain Clocks/Macros | Checksum: 15f6cd443

Time (s): cpu = 00:00:07 ; elapsed = 00:00:06 . Memory (MB): peak = 1779.734 ; gain = 0.000
Phase 1 Placer Initialization | Checksum: 15f6cd443

Time (s): cpu = 00:00:07 ; elapsed = 00:00:06 . Memory (MB): peak = 1779.734 ; gain = 0.000

Phase 2 Global Placement

Phase 2.1 Floorplanning
Phase 2.1 Floorplanning | Checksum: ab8e6d3b

Time (s): cpu = 00:00:08 ; elapsed = 00:00:07 . Memory (MB): peak = 1779.734 ; gain = 0.000

Phase 2.2 Physical Synthesis In Placer
INFO: [Physopt 32-76] Pass 1. Identified 8 candidate nets for fanout optimization.
INFO: [Physopt 32-81] Processed net design_2_i/ExeReg_0/inst/ALU_Res_out[3]. Replicated 6 times.
INFO: [Physopt 32-81] Processed net design_2_i/ExeReg_0/inst/ALU_Res_out[2]. Replicated 6 times.
INFO: [Physopt 32-81] Processed net design_2_i/ExeReg_0/inst/ALU_Res_out[4]. Replicated 6 times.
INFO: [Physopt 32-81] Processed net design_2_i/ExeReg_0/inst/ALU_Res_out[1]. Replicated 6 times.
INFO: [Physopt 32-81] Processed net design_2_i/ExeReg_0/inst/ALU_Res_out[0]. Replicated 6 times.
INFO: [Physopt 32-81] Processed net design_2_i/ExeReg_0/inst/ALU_Res_out[7]. Replicated 6 times.
INFO: [Physopt 32-81] Processed net design_2_i/ExeReg_0/inst/ALU_Res_out[6]. Replicated 6 times.
INFO: [Physopt 32-81] Processed net design_2_i/ExeReg_0/inst/ALU_Res_out[5]. Replicated 6 times.
INFO: [Physopt 32-232] Optimized 8 nets. Created 48 new instances.
INFO: [Physopt 32-775] End 1 Pass. Optimized 8 nets or cells. Created 48 new cells, deleted 0 existing cell and moved 0 existing cell
Netlist sorting complete. Time (s): cpu = 00:00:00 ; elapsed = 00:00:00.022 . Memory (MB): peak = 1779.734 ; gain = 0.000
INFO: [Physopt 32-456] No candidate cells for DSP register optimization found in the design.
INFO: [Physopt 32-775] End 2 Pass. Optimized 0 net or cell. Created 0 new cell, deleted 0 existing cell and moved 0 existing cell
INFO: [Physopt 32-677] No candidate cells for Shift Register optimization found in the design
INFO: [Physopt 32-775] End 1 Pass. Optimized 0 net or cell. Created 0 new cell, deleted 0 existing cell and moved 0 existing cell
INFO: [Physopt 32-526] No candidate cells for BRAM register optimization found in the design
INFO: [Physopt 32-775] End 1 Pass. Optimized 0 net or cell. Created 0 new cell, deleted 0 existing cell and moved 0 existing cell
INFO: [Physopt 32-949] No candidate nets found for HD net replication
INFO: [Physopt 32-775] End 1 Pass. Optimized 0 net or cell. Created 0 new cell, deleted 0 existing cell and moved 0 existing cell
Netlist sorting complete. Time (s): cpu = 00:00:00 ; elapsed = 00:00:00.006 . Memory (MB): peak = 1779.734 ; gain = 0.000
INFO: [Physopt 32-117] Net design_2_i/ALU_0/inst/result[4] could not be optimized because driver design_2_i/ALU_0/inst/result[4]_INST_0 could not be replicated
INFO: [Physopt 32-117] Net design_2_i/ALU_0/inst/result[7] could not be optimized because driver design_2_i/ALU_0/inst/result[7]_INST_0 could not be replicated
INFO: [Physopt 32-117] Net design_2_i/ALU_0/inst/result[6] could not be optimized because driver design_2_i/ALU_0/inst/result[6]_INST_0 could not be replicated
INFO: [Physopt 32-117] Net design_2_i/ALU_0/inst/result[5] could not be optimized because driver design_2_i/ALU_0/inst/result[5]_INST_0 could not be replicated
INFO: [Physopt 32-68] No nets found for critical-cell optimization.
INFO: [Physopt 32-232] Optimized 0 net. Created 0 new instance.
INFO: [Physopt 32-775] End 1 Pass. Optimized 0 net or cell. Created 0 new cell, deleted 0 existing cell and moved 0 existing cell
Netlist sorting complete. Time (s): cpu = 00:00:00 ; elapsed = 00:00:00.006 . Memory (MB): peak = 1779.734 ; gain = 0.000

Summary of Physical Synthesis Optimizations
============================================


----------------------------------------------------------------------------------------------------------------------------------------
|  Optimization                  |  Added Cells  |  Removed Cells  |  Optimized Cells/Nets  |  Dont Touch  |  Iterations  |  Elapsed   |
----------------------------------------------------------------------------------------------------------------------------------------
|  Very High Fanout              |           48  |              0  |                     8  |           0  |           1  |  00:00:11  |
|  DSP Register                  |            0  |              0  |                     0  |           0  |           1  |  00:00:00  |
|  Shift Register                |            0  |              0  |                     0  |           0  |           1  |  00:00:00  |
|  BRAM Register                 |            0  |              0  |                     0  |           0  |           1  |  00:00:00  |
|  HD Interface Net Replication  |            0  |              0  |                     0  |           0  |           1  |  00:00:00  |
|  Critical Cell                 |            0  |              0  |                     0  |           0  |           1  |  00:00:00  |
|  Total                         |           48  |              0  |                     8  |           0  |           6  |  00:00:11  |
----------------------------------------------------------------------------------------------------------------------------------------


Phase 2.2 Physical Synthesis In Placer | Checksum: 1857a4f2a

Time (s): cpu = 00:00:38 ; elapsed = 00:00:32 . Memory (MB): peak = 1779.734 ; gain = 0.000
Phase 2 Global Placement | Checksum: 1b04060e0

Time (s): cpu = 00:00:39 ; elapsed = 00:00:33 . Memory (MB): peak = 1779.734 ; gain = 0.000

Phase 3 Detail Placement

Phase 3.1 Commit Multi Column Macros
Phase 3.1 Commit Multi Column Macros | Checksum: 1b04060e0

Time (s): cpu = 00:00:39 ; elapsed = 00:00:33 . Memory (MB): peak = 1779.734 ; gain = 0.000

Phase 3.2 Commit Most Macros & LUTRAMs
Phase 3.2 Commit Most Macros & LUTRAMs | Checksum: 12b51d67c

Time (s): cpu = 00:00:47 ; elapsed = 00:00:40 . Memory (MB): peak = 1779.734 ; gain = 0.000

Phase 3.3 Area Swap Optimization
Phase 3.3 Area Swap Optimization | Checksum: 151ea40be

Time (s): cpu = 00:00:48 ; elapsed = 00:00:40 . Memory (MB): peak = 1779.734 ; gain = 0.000

Phase 3.4 Pipeline Register Optimization
Phase 3.4 Pipeline Register Optimization | Checksum: 9063d179

Time (s): cpu = 00:00:48 ; elapsed = 00:00:40 . Memory (MB): peak = 1779.734 ; gain = 0.000

Phase 3.5 Fast Optimization
Phase 3.5 Fast Optimization | Checksum: 156acb723

Time (s): cpu = 00:00:54 ; elapsed = 00:00:46 . Memory (MB): peak = 1779.734 ; gain = 0.000

Phase 3.6 Small Shape Detail Placement
Phase 3.6 Small Shape Detail Placement | Checksum: 1a5996da7

Time (s): cpu = 00:00:58 ; elapsed = 00:00:50 . Memory (MB): peak = 1779.734 ; gain = 0.000

Phase 3.7 Re-assign LUT pins
Phase 3.7 Re-assign LUT pins | Checksum: 12ce9730f

Time (s): cpu = 00:00:58 ; elapsed = 00:00:50 . Memory (MB): peak = 1779.734 ; gain = 0.000

Phase 3.8 Pipeline Register Optimization
Phase 3.8 Pipeline Register Optimization | Checksum: 9eb13ca3

Time (s): cpu = 00:00:58 ; elapsed = 00:00:50 . Memory (MB): peak = 1779.734 ; gain = 0.000

Phase 3.9 Fast Optimization
Phase 3.9 Fast Optimization | Checksum: 183d540ae

Time (s): cpu = 00:01:08 ; elapsed = 00:00:59 . Memory (MB): peak = 1779.734 ; gain = 0.000
Phase 3 Detail Placement | Checksum: 183d540ae

Time (s): cpu = 00:01:08 ; elapsed = 00:00:59 . Memory (MB): peak = 1779.734 ; gain = 0.000

Phase 4 Post Placement Optimization and Clean-Up

Phase 4.1 Post Commit Optimization
INFO: [Timing 38-35] Done setting XDC timing constraints.

Phase 4.1.1 Post Placement Optimization
Post Placement Optimization Initialization | Checksum: 22c47d2a6

Phase 4.1.1.1 BUFG Insertion
INFO: [Place 46-46] BUFG insertion identified 0 candidate nets, 0 success, 0 bufg driver replicated, 0 skipped for placement/routing, 0 skipped for timing, 0 skipped for netlist change reason
Phase 4.1.1.1 BUFG Insertion | Checksum: 22c47d2a6

Time (s): cpu = 00:01:13 ; elapsed = 00:01:03 . Memory (MB): peak = 1779.734 ; gain = 0.000
INFO: [Place 30-746] Post Placement Timing Summary WNS=-3.120. For the most accurate timing information please run report_timing.
Phase 4.1.1 Post Placement Optimization | Checksum: 1b455cf6d

Time (s): cpu = 00:01:32 ; elapsed = 00:01:22 . Memory (MB): peak = 1779.734 ; gain = 0.000
Phase 4.1 Post Commit Optimization | Checksum: 1b455cf6d

Time (s): cpu = 00:01:32 ; elapsed = 00:01:22 . Memory (MB): peak = 1779.734 ; gain = 0.000

Phase 4.2 Post Placement Cleanup
Phase 4.2 Post Placement Cleanup | Checksum: 1b455cf6d

Time (s): cpu = 00:01:33 ; elapsed = 00:01:22 . Memory (MB): peak = 1779.734 ; gain = 0.000

Phase 4.3 Placer Reporting
Phase 4.3 Placer Reporting | Checksum: 1b455cf6d

Time (s): cpu = 00:01:33 ; elapsed = 00:01:22 . Memory (MB): peak = 1779.734 ; gain = 0.000

Phase 4.4 Final Placement Cleanup
Netlist sorting complete. Time (s): cpu = 00:00:00 ; elapsed = 00:00:00.005 . Memory (MB): peak = 1779.734 ; gain = 0.000
Phase 4.4 Final Placement Cleanup | Checksum: 166bac5cc

Time (s): cpu = 00:01:33 ; elapsed = 00:01:22 . Memory (MB): peak = 1779.734 ; gain = 0.000
Phase 4 Post Placement Optimization and Clean-Up | Checksum: 166bac5cc

Time (s): cpu = 00:01:33 ; elapsed = 00:01:22 . Memory (MB): peak = 1779.734 ; gain = 0.000
Ending Placer Task | Checksum: 156ab0df3

Time (s): cpu = 00:01:33 ; elapsed = 00:01:22 . Memory (MB): peak = 1779.734 ; gain = 0.000
INFO: [Common 17-83] Releasing license: Implementation
125 Infos, 0 Warnings, 0 Critical Warnings and 0 Errors encountered.
place_design completed successfully
place_design: Time (s): cpu = 00:01:35 ; elapsed = 00:01:23 . Memory (MB): peak = 1779.734 ; gain = 0.000
Netlist sorting complete. Time (s): cpu = 00:00:00 ; elapsed = 00:00:00.005 . Memory (MB): peak = 1779.734 ; gain = 0.000
INFO: [Timing 38-480] Writing timing data to binary archive.
Writing placer database...
Netlist sorting complete. Time (s): cpu = 00:00:00 ; elapsed = 00:00:00.007 . Memory (MB): peak = 1779.734 ; gain = 0.000
Writing XDEF routing.
Writing XDEF routing logical nets.
Writing XDEF routing special nets.
Write XDEF Complete: Time (s): cpu = 00:00:03 ; elapsed = 00:00:01 . Memory (MB): peak = 1779.734 ; gain = 0.000
INFO: [Common 17-1381] The checkpoint 'C:/Users/ariya/OneDrive/Desktop/project_1/project_1/project_1.runs/impl_1/design_2_wrapper_placed.dcp' has been generated.
INFO: [runtcl-4] Executing : report_io -file design_2_wrapper_io_placed.rpt
report_io: Time (s): cpu = 00:00:00 ; elapsed = 00:00:00.037 . Memory (MB): peak = 1779.734 ; gain = 0.000
INFO: [runtcl-4] Executing : report_utilization -file design_2_wrapper_utilization_placed.rpt -pb design_2_wrapper_utilization_placed.pb
INFO: [runtcl-4] Executing : report_control_sets -verbose -file design_2_wrapper_control_sets_placed.rpt
report_control_sets: Time (s): cpu = 00:00:00 ; elapsed = 00:00:00.045 . Memory (MB): peak = 1779.734 ; gain = 0.000
Command: route_design
Attempting to get a license for feature 'Implementation' and/or device 'xc7z010'
INFO: [Common 17-349] Got license for feature 'Implementation' and/or device 'xc7z010'
Running DRC as a precondition to command route_design
INFO: [DRC 23-27] Running DRC with 2 threads
INFO: [Vivado_Tcl 4-198] DRC finished with 0 Errors
INFO: [Vivado_Tcl 4-199] Please refer to the DRC report (report_drc) for more information.


Starting Routing Task
INFO: [Route 35-254] Multithreading enabled for route_design using a maximum of 2 CPUs
Checksum: PlaceDB: f03bb49f ConstDB: 0 ShapeSum: 666f5954 RouteDB: 0

Phase 1 Build RT Design
Phase 1 Build RT Design | Checksum: 13175a7ba

Time (s): cpu = 00:00:15 ; elapsed = 00:00:12 . Memory (MB): peak = 1779.734 ; gain = 0.000
Post Restoration Checksum: NetGraph: 47dd7b3a NumContArr: e9982c80 Constraints: 0 Timing: 0

Phase 2 Router Initialization

Phase 2.1 Create Timer
Phase 2.1 Create Timer | Checksum: 13175a7ba

Time (s): cpu = 00:00:15 ; elapsed = 00:00:13 . Memory (MB): peak = 1779.734 ; gain = 0.000

Phase 2.2 Fix Topology Constraints
Phase 2.2 Fix Topology Constraints | Checksum: 13175a7ba

Time (s): cpu = 00:00:15 ; elapsed = 00:00:13 . Memory (MB): peak = 1779.734 ; gain = 0.000

Phase 2.3 Pre Route Cleanup
Phase 2.3 Pre Route Cleanup | Checksum: 13175a7ba

Time (s): cpu = 00:00:15 ; elapsed = 00:00:13 . Memory (MB): peak = 1779.734 ; gain = 0.000
 Number of Nodes with overlaps = 0

Phase 2.4 Update Timing
Phase 2.4 Update Timing | Checksum: 2c77d69b1

Time (s): cpu = 00:00:22 ; elapsed = 00:00:17 . Memory (MB): peak = 1779.734 ; gain = 0.000
INFO: [Route 35-416] Intermediate Timing Summary | WNS=-2.907 | TNS=-8.086 | WHS=-0.203 | THS=-378.373|


Phase 2.5 Update Timing for Bus Skew

Phase 2.5.1 Update Timing
Phase 2.5.1 Update Timing | Checksum: 272c85b18

Time (s): cpu = 00:00:25 ; elapsed = 00:00:19 . Memory (MB): peak = 1779.734 ; gain = 0.000
INFO: [Route 35-416] Intermediate Timing Summary | WNS=-2.907 | TNS=-8.015 | WHS=N/A    | THS=N/A    |

Phase 2.5 Update Timing for Bus Skew | Checksum: 22b9bb216

Time (s): cpu = 00:00:25 ; elapsed = 00:00:19 . Memory (MB): peak = 1779.734 ; gain = 0.000
Phase 2 Router Initialization | Checksum: 2b92df5cf

Time (s): cpu = 00:00:25 ; elapsed = 00:00:19 . Memory (MB): peak = 1779.734 ; gain = 0.000

Phase 3 Initial Routing
Phase 3 Initial Routing | Checksum: 177195193

Time (s): cpu = 00:00:31 ; elapsed = 00:00:22 . Memory (MB): peak = 1779.734 ; gain = 0.000

Phase 4 Rip-up And Reroute

Phase 4.1 Global Iteration 0
 Number of Nodes with overlaps = 1906
 Number of Nodes with overlaps = 677
 Number of Nodes with overlaps = 180
 Number of Nodes with overlaps = 36
 Number of Nodes with overlaps = 5
 Number of Nodes with overlaps = 0
INFO: [Route 35-416] Intermediate Timing Summary | WNS=-4.612 | TNS=-13.477| WHS=N/A    | THS=N/A    |

Phase 4.1 Global Iteration 0 | Checksum: 1e28af7d4

Time (s): cpu = 00:01:01 ; elapsed = 00:00:44 . Memory (MB): peak = 1779.734 ; gain = 0.000

Phase 4.2 Global Iteration 1
 Number of Nodes with overlaps = 785
 Number of Nodes with overlaps = 152
 Number of Nodes with overlaps = 25
 Number of Nodes with overlaps = 6
 Number of Nodes with overlaps = 1
 Number of Nodes with overlaps = 0
INFO: [Route 35-416] Intermediate Timing Summary | WNS=-4.835 | TNS=-13.904| WHS=N/A    | THS=N/A    |

Phase 4.2 Global Iteration 1 | Checksum: 15ab0afce

Time (s): cpu = 00:01:16 ; elapsed = 00:00:56 . Memory (MB): peak = 1779.734 ; gain = 0.000
Phase 4 Rip-up And Reroute | Checksum: 15ab0afce

Time (s): cpu = 00:01:16 ; elapsed = 00:00:56 . Memory (MB): peak = 1779.734 ; gain = 0.000

Phase 5 Delay and Skew Optimization

Phase 5.1 Delay CleanUp

Phase 5.1.1 Update Timing
Phase 5.1.1 Update Timing | Checksum: 19d47e52a

Time (s): cpu = 00:01:18 ; elapsed = 00:00:57 . Memory (MB): peak = 1779.734 ; gain = 0.000
INFO: [Route 35-416] Intermediate Timing Summary | WNS=-4.599 | TNS=-13.425| WHS=N/A    | THS=N/A    |

 Number of Nodes with overlaps = 0
Phase 5.1 Delay CleanUp | Checksum: 258d521fb

Time (s): cpu = 00:01:18 ; elapsed = 00:00:57 . Memory (MB): peak = 1779.734 ; gain = 0.000

Phase 5.2 Clock Skew Optimization
Phase 5.2 Clock Skew Optimization | Checksum: 258d521fb

Time (s): cpu = 00:01:18 ; elapsed = 00:00:57 . Memory (MB): peak = 1779.734 ; gain = 0.000
Phase 5 Delay and Skew Optimization | Checksum: 258d521fb

Time (s): cpu = 00:01:18 ; elapsed = 00:00:57 . Memory (MB): peak = 1779.734 ; gain = 0.000

Phase 6 Post Hold Fix

Phase 6.1 Hold Fix Iter

Phase 6.1.1 Update Timing
Phase 6.1.1 Update Timing | Checksum: 25bca00dd

Time (s): cpu = 00:01:19 ; elapsed = 00:00:58 . Memory (MB): peak = 1779.734 ; gain = 0.000
INFO: [Route 35-416] Intermediate Timing Summary | WNS=-4.550 | TNS=-13.248| WHS=0.042  | THS=0.000  |

Phase 6.1 Hold Fix Iter | Checksum: 1a32d0eb3

Time (s): cpu = 00:01:19 ; elapsed = 00:00:58 . Memory (MB): peak = 1779.734 ; gain = 0.000
Phase 6 Post Hold Fix | Checksum: 1a32d0eb3

Time (s): cpu = 00:01:19 ; elapsed = 00:00:58 . Memory (MB): peak = 1779.734 ; gain = 0.000

Phase 7 Route finalize

Router Utilization Summary
  Global Vertical Routing Utilization    = 8.63063 %
  Global Horizontal Routing Utilization  = 9.23897 %
  Routable Net Status*
  *Does not include unroutable nets such as driverless and loadless.
  Run report_route_status for detailed report.
  Number of Failed Nets               = 0
  Number of Unrouted Nets             = 0
  Number of Partially Routed Nets     = 0
  Number of Node Overlaps             = 0

Congestion Report
North Dir 1x1 Area, Max Cong = 50.4505%, No Congested Regions.
South Dir 1x1 Area, Max Cong = 64.8649%, No Congested Regions.
East Dir 1x1 Area, Max Cong = 60.2941%, No Congested Regions.
West Dir 1x1 Area, Max Cong = 69.1176%, No Congested Regions.

------------------------------
Reporting congestion hotspots
------------------------------
Direction: North
----------------
Congested clusters found at Level 0
Effective congestion level: 0 Aspect Ratio: 1 Sparse Ratio: 0
Direction: South
----------------
Congested clusters found at Level 0
Effective congestion level: 0 Aspect Ratio: 1 Sparse Ratio: 0
Direction: East
----------------
Congested clusters found at Level 0
Effective congestion level: 0 Aspect Ratio: 1 Sparse Ratio: 0
Direction: West
----------------
Congested clusters found at Level 0
Effective congestion level: 0 Aspect Ratio: 1 Sparse Ratio: 0

Phase 7 Route finalize | Checksum: 25b70fbd6

Time (s): cpu = 00:01:19 ; elapsed = 00:00:58 . Memory (MB): peak = 1779.734 ; gain = 0.000

Phase 8 Verifying routed nets

 Verification completed successfully
Phase 8 Verifying routed nets | Checksum: 25b70fbd6

Time (s): cpu = 00:01:20 ; elapsed = 00:00:58 . Memory (MB): peak = 1779.734 ; gain = 0.000

Phase 9 Depositing Routes
Phase 9 Depositing Routes | Checksum: 1e9887a91

Time (s): cpu = 00:01:20 ; elapsed = 00:00:59 . Memory (MB): peak = 1779.734 ; gain = 0.000

Phase 10 Post Router Timing
INFO: [Route 35-57] Estimated Timing Summary | WNS=-4.550 | TNS=-13.248| WHS=0.042  | THS=0.000  |

WARNING: [Route 35-328] Router estimated timing not met.
Resolution: For a complete and accurate timing signoff, report_timing_summary must be run after route_design. Alternatively, route_design can be run with the -timing_summary option to enable a complete timing signoff at the end of route_design.
Phase 10 Post Router Timing | Checksum: 1e9887a91

Time (s): cpu = 00:01:20 ; elapsed = 00:00:59 . Memory (MB): peak = 1779.734 ; gain = 0.000
INFO: [Route 35-16] Router Completed Successfully

Time (s): cpu = 00:01:20 ; elapsed = 00:00:59 . Memory (MB): peak = 1779.734 ; gain = 0.000

Routing Is Done.
INFO: [Common 17-83] Releasing license: Implementation
144 Infos, 1 Warnings, 0 Critical Warnings and 0 Errors encountered.
route_design completed successfully
route_design: Time (s): cpu = 00:01:23 ; elapsed = 00:01:00 . Memory (MB): peak = 1779.734 ; gain = 0.000
Netlist sorting complete. Time (s): cpu = 00:00:00 ; elapsed = 00:00:00.005 . Memory (MB): peak = 1779.734 ; gain = 0.000
INFO: [Timing 38-480] Writing timing data to binary archive.
Writing placer database...
Netlist sorting complete. Time (s): cpu = 00:00:00 ; elapsed = 00:00:00.010 . Memory (MB): peak = 1779.734 ; gain = 0.000
Writing XDEF routing.
Writing XDEF routing logical nets.
Writing XDEF routing special nets.
Write XDEF Complete: Time (s): cpu = 00:00:04 ; elapsed = 00:00:01 . Memory (MB): peak = 1779.734 ; gain = 0.000
INFO: [Common 17-1381] The checkpoint 'C:/Users/ariya/OneDrive/Desktop/project_1/project_1/project_1.runs/impl_1/design_2_wrapper_routed.dcp' has been generated.
INFO: [runtcl-4] Executing : report_drc -file design_2_wrapper_drc_routed.rpt -pb design_2_wrapper_drc_routed.pb -rpx design_2_wrapper_drc_routed.rpx
Command: report_drc -file design_2_wrapper_drc_routed.rpt -pb design_2_wrapper_drc_routed.pb -rpx design_2_wrapper_drc_routed.rpx
INFO: [IP_Flow 19-1839] IP Catalog is up to date.
INFO: [DRC 23-27] Running DRC with 2 threads
INFO: [Coretcl 2-168] The results of DRC are in file C:/Users/ariya/OneDrive/Desktop/project_1/project_1/project_1.runs/impl_1/design_2_wrapper_drc_routed.rpt.
report_drc completed successfully
INFO: [runtcl-4] Executing : report_methodology -file design_2_wrapper_methodology_drc_routed.rpt -pb design_2_wrapper_methodology_drc_routed.pb -rpx design_2_wrapper_methodology_drc_routed.rpx
Command: report_methodology -file design_2_wrapper_methodology_drc_routed.rpt -pb design_2_wrapper_methodology_drc_routed.pb -rpx design_2_wrapper_methodology_drc_routed.rpx
INFO: [Timing 38-35] Done setting XDC timing constraints.
INFO: [DRC 23-133] Running Methodology with 2 threads
INFO: [Coretcl 2-1520] The results of Report Methodology are in file C:/Users/ariya/OneDrive/Desktop/project_1/project_1/project_1.runs/impl_1/design_2_wrapper_methodology_drc_routed.rpt.
report_methodology completed successfully
report_methodology: Time (s): cpu = 00:00:12 ; elapsed = 00:00:07 . Memory (MB): peak = 1856.652 ; gain = 76.918
INFO: [runtcl-4] Executing : report_power -file design_2_wrapper_power_routed.rpt -pb design_2_wrapper_power_summary_routed.pb -rpx design_2_wrapper_power_routed.rpx
Command: report_power -file design_2_wrapper_power_routed.rpt -pb design_2_wrapper_power_summary_routed.pb -rpx design_2_wrapper_power_routed.rpx
INFO: [Timing 38-35] Done setting XDC timing constraints.
Running Vector-less Activity Propagation...

Finished Running Vector-less Activity Propagation
156 Infos, 1 Warnings, 0 Critical Warnings and 0 Errors encountered.
report_power completed successfully
INFO: [runtcl-4] Executing : report_route_status -file design_2_wrapper_route_status.rpt -pb design_2_wrapper_route_status.pb
INFO: [runtcl-4] Executing : report_timing_summary -max_paths 10 -file design_2_wrapper_timing_summary_routed.rpt -pb design_2_wrapper_timing_summary_routed.pb -rpx design_2_wrapper_timing_summary_routed.rpx -warn_on_violation 
INFO: [Timing 38-91] UpdateTimingParams: Speed grade: -1, Delay Type: min_max.
INFO: [Timing 38-191] Multithreading enabled for timing update using a maximum of 2 CPUs
CRITICAL WARNING: [Timing 38-282] The design failed to meet the timing requirements. Please see the timing summary report for details on the timing violations.
WARNING: [Timing 38-436] There are set_bus_skew constraint(s) in this design. Please run report_bus_skew to ensure that bus skew requirements are met.
INFO: [runtcl-4] Executing : report_incremental_reuse -file design_2_wrapper_incremental_reuse_routed.rpt
INFO: [Vivado_Tcl 4-1062] Incremental flow is disabled. No incremental reuse Info to report.
INFO: [runtcl-4] Executing : report_clock_utilization -file design_2_wrapper_clock_utilization_routed.rpt
INFO: [runtcl-4] Executing : report_bus_skew -warn_on_violation -file design_2_wrapper_bus_skew_routed.rpt -pb design_2_wrapper_bus_skew_routed.pb -rpx design_2_wrapper_bus_skew_routed.rpx
INFO: [Timing 38-91] UpdateTimingParams: Speed grade: -1, Delay Type: min_max.
INFO: [Timing 38-191] Multithreading enabled for timing update using a maximum of 2 CPUs
INFO: [Common 17-206] Exiting Vivado at Sun May 25 18:12:13 2025...

*** Running vivado
    with args -log design_2_wrapper.vdi -applog -m64 -product Vivado -messageDb vivado.pb -mode batch -source design_2_wrapper.tcl -notrace


****** Vivado v2018.3 (64-bit)
  **** SW Build 2405991 on Thu Dec  6 23:38:27 MST 2018
  **** IP Build 2404404 on Fri Dec  7 01:43:56 MST 2018
    ** Copyright 1986-2018 Xilinx, Inc. All Rights Reserved.

source design_2_wrapper.tcl -notrace
Command: open_checkpoint design_2_wrapper_routed.dcp

Starting open_checkpoint Task

Time (s): cpu = 00:00:00 ; elapsed = 00:00:00.033 . Memory (MB): peak = 248.289 ; gain = 0.000
INFO: [Netlist 29-17] Analyzing 1499 Unisim elements for replacement
INFO: [Netlist 29-28] Unisim Transformation completed in 1 CPU seconds
INFO: [Project 1-479] Netlist was created with Vivado 2018.3
INFO: [Device 21-403] Loading part xc7z010clg400-1
INFO: [Project 1-570] Preparing netlist for logic optimization
INFO: [Timing 38-478] Restoring timing data from binary archive.
INFO: [Timing 38-479] Binary timing data restore complete.
INFO: [Project 1-856] Restoring constraints from binary archive.
INFO: [Project 1-853] Binary constraint restore complete.
Reading XDEF placement.
Reading placer database...
Reading XDEF routing.
Read XDEF File: Time (s): cpu = 00:00:01 ; elapsed = 00:00:01 . Memory (MB): peak = 1304.910 ; gain = 8.184
Restored from archive | CPU: 1.000000 secs | Memory: 0.000000 MB |
Finished XDEF File Restore: Time (s): cpu = 00:00:01 ; elapsed = 00:00:01 . Memory (MB): peak = 1304.910 ; gain = 8.184
Netlist sorting complete. Time (s): cpu = 00:00:00 ; elapsed = 00:00:00.006 . Memory (MB): peak = 1304.953 ; gain = 0.000
INFO: [Project 1-111] Unisim Transformation Summary:
  A total of 1062 instances were transformed.
  CFGLUT5 => CFGLUT5 (SRLC32E, SRL16E): 32 instances
  RAM256X1S => RAM256X1S (MUXF7, MUXF7, MUXF8, RAMS64E, RAMS64E, RAMS64E, RAMS64E): 1024 instances
  RAM32M => RAM32M (RAMD32, RAMD32, RAMD32, RAMD32, RAMD32, RAMD32, RAMS32, RAMS32): 6 instances

INFO: [Project 1-604] Checkpoint was created with Vivado v2018.3 (64-bit) build 2405991
open_checkpoint: Time (s): cpu = 00:00:21 ; elapsed = 00:00:23 . Memory (MB): peak = 1304.953 ; gain = 1056.664
Command: write_bitstream -force design_2_wrapper.bit
Attempting to get a license for feature 'Implementation' and/or device 'xc7z010'
INFO: [Common 17-349] Got license for feature 'Implementation' and/or device 'xc7z010'
Running DRC as a precondition to command write_bitstream
INFO: [IP_Flow 19-234] Refreshing IP repositories
INFO: [IP_Flow 19-1704] No user IP repositories specified
INFO: [IP_Flow 19-2313] Loaded Vivado IP repository 'D:/Xilinx/Vivado/2018.3/data/ip'.
INFO: [DRC 23-27] Running DRC with 2 threads
WARNING: [DRC RTSTAT-10] No routable loads: 25 net(s) have no routable loads. The problem bus(es) and/or net(s) are dbg_hub/inst/BSCANID.u_xsdbm_id/CORE_XSDB.UUT_MASTER/U_ICON_INTERFACE/U_CMD6_RD/U_RD_FIFO/SUBCORE_FIFO.xsdbm_v3_0_0_rdfifo_inst/inst_fifo_gen/gconvfifo.rf/grf.rf/gntv_or_sync_fifo.gl0.rd/gr1.gr1_int.rfwft/aempty_fwft_i, dbg_hub/inst/BSCANID.u_xsdbm_id/CORE_XSDB.UUT_MASTER/U_ICON_INTERFACE/U_CMD7_CTL/ctl_reg[2:0], dbg_hub/inst/BSCANID.u_xsdbm_id/CORE_XSDB.UUT_MASTER/U_ICON_INTERFACE/U_CMD1/ctl_reg_en_2[1], dbg_hub/inst/BSCANID.u_xsdbm_id/CORE_XSDB.UUT_MASTER/U_ICON_INTERFACE/U_CMD7_CTL/ctl_reg_en_2[1], dbg_hub/inst/BSCANID.u_xsdbm_id/SWITCH_N_EXT_BSCAN.bscan_switch/m_bscan_capture[0], dbg_hub/inst/BSCANID.u_xsdbm_id/SWITCH_N_EXT_BSCAN.bscan_switch/m_bscan_drck[0], dbg_hub/inst/BSCANID.u_xsdbm_id/SWITCH_N_EXT_BSCAN.bscan_switch/m_bscan_runtest[0], dbg_hub/inst/BSCANID.u_xsdbm_id/CORE_XSDB.UUT_MASTER/U_ICON_INTERFACE/U_CMD6_RD/U_RD_FIFO/SUBCORE_FIFO.xsdbm_v3_0_0_rdfifo_inst/inst_fifo_gen/gconvfifo.rf/grf.rf/gntv_or_sync_fifo.gl0.wr/gwhf.whf/overflow, dbg_hub/inst/BSCANID.u_xsdbm_id/CORE_XSDB.UUT_MASTER/U_ICON_INTERFACE/U_CMD6_WR/U_WR_FIFO/SUBCORE_FIFO.xsdbm_v3_0_0_wrfifo_inst/inst_fifo_gen/gconvfifo.rf/grf.rf/gntv_or_sync_fifo.gl0.wr/gwhf.whf/overflow, dbg_hub/inst/BSCANID.u_xsdbm_id/CORE_XSDB.UUT_MASTER/U_ICON_INTERFACE/U_CMD6_RD/U_RD_FIFO/SUBCORE_FIFO.xsdbm_v3_0_0_rdfifo_inst/inst_fifo_gen/gconvfifo.rf/grf.rf/gntv_or_sync_fifo.gl0.rd/gras.rsts/ram_empty_i, dbg_hub/inst/BSCANID.u_xsdbm_id/CORE_XSDB.UUT_MASTER/U_ICON_INTERFACE/U_CMD6_WR/U_WR_FIFO/SUBCORE_FIFO.xsdbm_v3_0_0_wrfifo_inst/inst_fifo_gen/gconvfifo.rf/grf.rf/gntv_or_sync_fifo.gl0.wr/gwas.wsts/ram_full_i, dbg_hub/inst/BSCANID.u_xsdbm_id/CORE_XSDB.UUT_MASTER/U_ICON_INTERFACE/U_CMD6_WR/U_WR_FIFO/SUBCORE_FIFO.xsdbm_v3_0_0_wrfifo_inst/inst_fifo_gen/gconvfifo.rf/grf.rf/rstblk/rd_rst_reg[0], dbg_hub/inst/BSCANID.u_xsdbm_id/SWITCH_N_EXT_BSCAN.bscan_inst/s_bscan_tms, design_2_i/ila_0/inst/ila_core_inst/u_ila_regs/U_XSDB_SLAVE/s_daddr_o[13], design_2_i/ila_0/inst/ila_core_inst/u_ila_regs/U_XSDB_SLAVE/s_daddr_o[14]... and (the first 15 of 23 listed).
WARNING: [DRC ZPS7-1] PS7 block required: The PS7 cell must be used in this Zynq design in order to enable correct default configuration.
INFO: [Vivado 12-3199] DRC finished with 0 Errors, 2 Warnings
INFO: [Vivado 12-3200] Please refer to the DRC report (report_drc) for more information.
INFO: [Designutils 20-2272] Running write_bitstream with 2 threads.
Loading data files...
Loading site data...
Loading route data...
Processing options...
Creating bitmap...
Creating bitstream...
Writing bitstream ./design_2_wrapper.bit...
INFO: [Vivado 12-1842] Bitgen Completed Successfully.
INFO: [Project 1-120] WebTalk data collection is mandatory when using a WebPACK part without a full Vivado license. To see the specific WebTalk data collected for your design, open the usage_statistics_webtalk.html or usage_statistics_webtalk.xml file in the implementation directory.
INFO: [Common 17-83] Releasing license: Implementation
22 Infos, 2 Warnings, 0 Critical Warnings and 0 Errors encountered.
write_bitstream completed successfully
write_bitstream: Time (s): cpu = 00:00:27 ; elapsed = 00:00:25 . Memory (MB): peak = 1808.461 ; gain = 503.508
INFO: [Common 17-206] Exiting Vivado at Sun May 25 18:13:25 2025...
