OK
OK
OK
OK
OK
OK
OK
504925.76
1771449.76
1
Permission Denied
2
3
1 amin Enghelab SaadatAbad 504925.76 waiting
2 zeinab Enghelab Marzdaran 442000.00 waiting
3 parsa Farahzad SaadatAbad 167727.21 waiting
OK
OK
OK
Bad Request
Permission Denied
1 amin Enghelab SaadatAbad 504925.76 waiting
2 zeinab Enghelab Marzdaran 442000.00 finished
3 parsa Farahzad SaadatAbad 167727.21 traveling
