OK
OK
OK
OK
OK
OK
1467613.06
442000.00
Permission Denied
1
1 amin Tehranpars SaadatAbad 1467613.06 waiting
Not Found
OK
Bad Request
2
3
1 amin Tehranpars SaadatAbad 1467613.06 traveling
3 elahe Enghelab Tehranpars 967889.17 waiting
2 mmd_n Enghelab SaadatAbad 420771.46 waiting
OK
OK
Bad Request
2 mmd_n Enghelab SaadatAbad 420771.46 traveling
OK
1 amin Tehranpars SaadatAbad 1467613.06 finished
2 mmd_n Enghelab SaadatAbad 420771.46 finished
3 elahe Enghelab Tehranpars 967889.17 waiting
